[2022-03-26T20:29:23.609+0800][gc,heap] Heap region size: 1M
[2022-03-26T20:29:23.618+0800][gc     ] Using G1
[2022-03-26T20:29:23.618+0800][gc,heap,coops] Heap address: 0x00000007c0000000, size: 1024 MB, Compressed Oops mode: Zero based, Oop shift amount: 3
[2022-03-26T20:29:25.369+0800][gc,start     ] GC(0) Pause Young (Concurrent Start) (Metadata GC Threshold)
[2022-03-26T20:29:25.370+0800][gc,task      ] GC(0) Using 8 workers of 8 for evacuation
[2022-03-26T20:29:25.378+0800][gc,phases    ] GC(0)   Pre Evacuate Collection Set: 0.0ms
[2022-03-26T20:29:25.378+0800][gc,phases    ] GC(0)   Evacuate Collection Set: 7.3ms
[2022-03-26T20:29:25.378+0800][gc,phases    ] GC(0)   Post Evacuate Collection Set: 0.6ms
[2022-03-26T20:29:25.378+0800][gc,phases    ] GC(0)   Other: 1.4ms
[2022-03-26T20:29:25.378+0800][gc,heap      ] GC(0) Eden regions: 44->0(44)
[2022-03-26T20:29:25.378+0800][gc,heap      ] GC(0) Survivor regions: 0->7(7)
[2022-03-26T20:29:25.378+0800][gc,heap      ] GC(0) Old regions: 0->1
[2022-03-26T20:29:25.378+0800][gc,heap      ] GC(0) Humongous regions: 0->0
[2022-03-26T20:29:25.378+0800][gc,metaspace ] GC(0) Metaspace: 20734K->20734K(1069056K)
[2022-03-26T20:29:25.378+0800][gc           ] GC(0) Pause Young (Concurrent Start) (Metadata GC Threshold) 44M->7M(1024M) 9.449ms
[2022-03-26T20:29:25.378+0800][gc,cpu       ] GC(0) User=0.01s Sys=0.01s Real=0.01s
[2022-03-26T20:29:25.378+0800][gc           ] GC(1) Concurrent Cycle
[2022-03-26T20:29:25.379+0800][gc,marking   ] GC(1) Concurrent Clear Claimed Marks
[2022-03-26T20:29:25.379+0800][gc,marking   ] GC(1) Concurrent Clear Claimed Marks 0.019ms
[2022-03-26T20:29:25.379+0800][gc,marking   ] GC(1) Concurrent Scan Root Regions
[2022-03-26T20:29:25.380+0800][gc,marking   ] GC(1) Concurrent Scan Root Regions 1.515ms
[2022-03-26T20:29:25.380+0800][gc,marking   ] GC(1) Concurrent Mark (1.780s)
[2022-03-26T20:29:25.380+0800][gc,marking   ] GC(1) Concurrent Mark From Roots
[2022-03-26T20:29:25.380+0800][gc,task      ] GC(1) Using 2 workers of 2 for marking
[2022-03-26T20:29:25.380+0800][gc,marking   ] GC(1) Concurrent Mark From Roots 0.245ms
[2022-03-26T20:29:25.381+0800][gc,marking   ] GC(1) Concurrent Preclean
[2022-03-26T20:29:25.381+0800][gc,marking   ] GC(1) Concurrent Preclean 0.054ms
[2022-03-26T20:29:25.381+0800][gc,marking   ] GC(1) Concurrent Mark (1.780s, 1.780s) 0.413ms
[2022-03-26T20:29:25.381+0800][gc,start     ] GC(1) Pause Remark
[2022-03-26T20:29:25.383+0800][gc,stringtable] GC(1) Cleaned string and symbol table, strings: 7218 processed, 0 removed, symbols: 63678 processed, 34 removed
[2022-03-26T20:29:25.383+0800][gc            ] GC(1) Pause Remark 7M->7M(1024M) 2.451ms
[2022-03-26T20:29:25.383+0800][gc,cpu        ] GC(1) User=0.01s Sys=0.00s Real=0.00s
[2022-03-26T20:29:25.383+0800][gc,marking    ] GC(1) Concurrent Rebuild Remembered Sets
[2022-03-26T20:29:25.384+0800][gc,marking    ] GC(1) Concurrent Rebuild Remembered Sets 0.261ms
[2022-03-26T20:29:25.384+0800][gc,start      ] GC(1) Pause Cleanup
[2022-03-26T20:29:25.384+0800][gc            ] GC(1) Pause Cleanup 7M->7M(1024M) 0.198ms
[2022-03-26T20:29:25.384+0800][gc,cpu        ] GC(1) User=0.00s Sys=0.00s Real=0.00s
[2022-03-26T20:29:25.384+0800][gc,marking    ] GC(1) Concurrent Cleanup for Next Mark
[2022-03-26T20:29:25.390+0800][gc,marking    ] GC(1) Concurrent Cleanup for Next Mark 5.413ms
[2022-03-26T20:29:25.390+0800][gc            ] GC(1) Concurrent Cycle 11.188ms
[2022-03-26T20:29:26.623+0800][gc,start      ] GC(2) Pause Young (Normal) (G1 Evacuation Pause)
[2022-03-26T20:29:26.623+0800][gc,task       ] GC(2) Using 8 workers of 8 for evacuation
[2022-03-26T20:29:26.634+0800][gc,phases     ] GC(2)   Pre Evacuate Collection Set: 0.0ms
[2022-03-26T20:29:26.634+0800][gc,phases     ] GC(2)   Evacuate Collection Set: 9.7ms
[2022-03-26T20:29:26.634+0800][gc,phases     ] GC(2)   Post Evacuate Collection Set: 0.7ms
[2022-03-26T20:29:26.634+0800][gc,phases     ] GC(2)   Other: 0.2ms
[2022-03-26T20:29:26.634+0800][gc,heap       ] GC(2) Eden regions: 44->0(49)
[2022-03-26T20:29:26.634+0800][gc,heap       ] GC(2) Survivor regions: 7->2(7)
[2022-03-26T20:29:26.634+0800][gc,heap       ] GC(2) Old regions: 1->7
[2022-03-26T20:29:26.634+0800][gc,heap       ] GC(2) Humongous regions: 129->129
[2022-03-26T20:29:26.634+0800][gc,metaspace  ] GC(2) Metaspace: 29840K->29840K(1077248K)
[2022-03-26T20:29:26.634+0800][gc            ] GC(2) Pause Young (Normal) (G1 Evacuation Pause) 180M->137M(1024M) 10.740ms
[2022-03-26T20:29:26.634+0800][gc,cpu        ] GC(2) User=0.04s Sys=0.01s Real=0.01s
[2022-03-26T20:29:26.936+0800][gc,start      ] GC(3) Pause Young (Concurrent Start) (Metadata GC Threshold)
[2022-03-26T20:29:26.936+0800][gc,task       ] GC(3) Using 8 workers of 8 for evacuation
[2022-03-26T20:29:26.939+0800][gc,phases     ] GC(3)   Pre Evacuate Collection Set: 0.1ms
[2022-03-26T20:29:26.939+0800][gc,phases     ] GC(3)   Evacuate Collection Set: 2.3ms
[2022-03-26T20:29:26.939+0800][gc,phases     ] GC(3)   Post Evacuate Collection Set: 0.2ms
[2022-03-26T20:29:26.939+0800][gc,phases     ] GC(3)   Other: 0.2ms
[2022-03-26T20:29:26.939+0800][gc,heap       ] GC(3) Eden regions: 24->0(48)
[2022-03-26T20:29:26.939+0800][gc,heap       ] GC(3) Survivor regions: 2->3(7)
[2022-03-26T20:29:26.939+0800][gc,heap       ] GC(3) Old regions: 7->7
[2022-03-26T20:29:26.939+0800][gc,heap       ] GC(3) Humongous regions: 129->129
[2022-03-26T20:29:26.939+0800][gc,metaspace  ] GC(3) Metaspace: 34665K->34665K(1081344K)
[2022-03-26T20:29:26.939+0800][gc            ] GC(3) Pause Young (Concurrent Start) (Metadata GC Threshold) 161M->138M(1024M) 2.860ms
[2022-03-26T20:29:26.939+0800][gc,cpu        ] GC(3) User=0.01s Sys=0.00s Real=0.00s
[2022-03-26T20:29:26.939+0800][gc            ] GC(4) Concurrent Cycle
[2022-03-26T20:29:26.939+0800][gc,marking    ] GC(4) Concurrent Clear Claimed Marks
[2022-03-26T20:29:26.939+0800][gc,marking    ] GC(4) Concurrent Clear Claimed Marks 0.026ms
[2022-03-26T20:29:26.939+0800][gc,marking    ] GC(4) Concurrent Scan Root Regions
[2022-03-26T20:29:26.941+0800][gc,marking    ] GC(4) Concurrent Scan Root Regions 1.390ms
[2022-03-26T20:29:26.941+0800][gc,marking    ] GC(4) Concurrent Mark (3.341s)
[2022-03-26T20:29:26.941+0800][gc,marking    ] GC(4) Concurrent Mark From Roots
[2022-03-26T20:29:26.941+0800][gc,task       ] GC(4) Using 2 workers of 2 for marking
[2022-03-26T20:29:26.946+0800][gc,marking    ] GC(4) Concurrent Mark From Roots 5.375ms
[2022-03-26T20:29:26.946+0800][gc,marking    ] GC(4) Concurrent Preclean
[2022-03-26T20:29:26.946+0800][gc,marking    ] GC(4) Concurrent Preclean 0.085ms
[2022-03-26T20:29:26.946+0800][gc,marking    ] GC(4) Concurrent Mark (3.341s, 3.346s) 5.555ms
[2022-03-26T20:29:26.947+0800][gc,start      ] GC(4) Pause Remark
[2022-03-26T20:29:26.948+0800][gc,stringtable] GC(4) Cleaned string and symbol table, strings: 10786 processed, 7 removed, symbols: 96197 processed, 26 removed
[2022-03-26T20:29:26.949+0800][gc            ] GC(4) Pause Remark 139M->139M(1024M) 2.116ms
[2022-03-26T20:29:26.949+0800][gc,cpu        ] GC(4) User=0.02s Sys=0.00s Real=0.00s
[2022-03-26T20:29:26.949+0800][gc,marking    ] GC(4) Concurrent Rebuild Remembered Sets
[2022-03-26T20:29:26.951+0800][gc,marking    ] GC(4) Concurrent Rebuild Remembered Sets 2.645ms
[2022-03-26T20:29:26.952+0800][gc,start      ] GC(4) Pause Cleanup
[2022-03-26T20:29:26.952+0800][gc            ] GC(4) Pause Cleanup 139M->139M(1024M) 0.153ms
[2022-03-26T20:29:26.952+0800][gc,cpu        ] GC(4) User=0.00s Sys=0.00s Real=0.00s
[2022-03-26T20:29:26.952+0800][gc,marking    ] GC(4) Concurrent Cleanup for Next Mark
[2022-03-26T20:29:26.958+0800][gc,marking    ] GC(4) Concurrent Cleanup for Next Mark 6.383ms
[2022-03-26T20:29:26.958+0800][gc            ] GC(4) Concurrent Cycle 18.864ms
[2022-03-26T20:29:27.629+0800][gc,start      ] GC(5) Pause Young (Normal) (G1 Evacuation Pause)
[2022-03-26T20:29:27.629+0800][gc,task       ] GC(5) Using 8 workers of 8 for evacuation
[2022-03-26T20:29:27.634+0800][gc,phases     ] GC(5)   Pre Evacuate Collection Set: 0.0ms
[2022-03-26T20:29:27.634+0800][gc,phases     ] GC(5)   Evacuate Collection Set: 4.2ms
[2022-03-26T20:29:27.634+0800][gc,phases     ] GC(5)   Post Evacuate Collection Set: 0.4ms
[2022-03-26T20:29:27.634+0800][gc,phases     ] GC(5)   Other: 0.2ms
[2022-03-26T20:29:27.634+0800][gc,heap       ] GC(5) Eden regions: 48->0(44)
[2022-03-26T20:29:27.634+0800][gc,heap       ] GC(5) Survivor regions: 3->7(7)
[2022-03-26T20:29:27.634+0800][gc,heap       ] GC(5) Old regions: 7->7
[2022-03-26T20:29:27.634+0800][gc,heap       ] GC(5) Humongous regions: 129->129
[2022-03-26T20:29:27.634+0800][gc,metaspace  ] GC(5) Metaspace: 42822K->42822K(1087488K)
[2022-03-26T20:29:27.634+0800][gc            ] GC(5) Pause Young (Normal) (G1 Evacuation Pause) 186M->142M(1024M) 4.897ms
[2022-03-26T20:29:27.634+0800][gc,cpu        ] GC(5) User=0.03s Sys=0.00s Real=0.01s
